C:\Users\student\Desktop\NewFolder\Trap_Adventure\battle_city_design\implementation\battle_city.ngc 1526547808
C:/Users/student/Desktop/NewFolder/Trap_Adventure/battle_city_design/implementation/battle_city_io_periph_wrapper.ngc 1526547780
C:/Users/student/Desktop/NewFolder/Trap_Adventure/battle_city_design/implementation/battle_city_proc_sys_reset_0_wrapper.ngc 1526547691
C:/Users/student/Desktop/NewFolder/Trap_Adventure/battle_city_design/implementation/battle_city_clock_generator_0_wrapper.ngc 1526547792
C:/Users/student/Desktop/NewFolder/Trap_Adventure/battle_city_design/implementation/battle_city_battle_city_periph_0_wrapper.ngc 1526547773
C:/Users/student/Desktop/NewFolder/Trap_Adventure/battle_city_design/implementation/battle_city_microblaze_0_ilmb_wrapper.ngc 1526547783
C:/Users/student/Desktop/NewFolder/Trap_Adventure/battle_city_design/implementation/battle_city_microblaze_0_dlmb_wrapper.ngc 1526547786
C:/Users/student/Desktop/NewFolder/Trap_Adventure/battle_city_design/implementation/battle_city_axi4lite_0_wrapper.ngc 1526547794
C:/Users/student/Desktop/NewFolder/Trap_Adventure/battle_city_design/implementation/battle_city_microblaze_0_wrapper.ngc 1526547789
C:/Users/student/Desktop/NewFolder/Trap_Adventure/battle_city_design/implementation/battle_city_microblaze_0_i_bram_ctrl_wrapper.ngc 1526547701
C:/Users/student/Desktop/NewFolder/Trap_Adventure/battle_city_design/implementation/battle_city_microblaze_0_d_bram_ctrl_wrapper.ngc 1526547709
C:/Users/student/Desktop/NewFolder/Trap_Adventure/battle_city_design/implementation/battle_city_debug_module_wrapper.ngc 1526547750
C:/Users/student/Desktop/NewFolder/Trap_Adventure/battle_city_design/implementation/battle_city_microblaze_0_bram_block_wrapper.ngc 1526547715
OK
