C:\Users\student\Desktop\TrapAdventureNEDIRAJ\Trap_Adventure\battle_city_design\implementation\battle_city.ngc 1526289461
C:/Users/student/Desktop/TrapAdventureNEDIRAJ/Trap_Adventure/battle_city_design/implementation/battle_city_io_periph_wrapper.ngc 1526289434
C:/Users/student/Desktop/TrapAdventureNEDIRAJ/Trap_Adventure/battle_city_design/implementation/battle_city_proc_sys_reset_0_wrapper.ngc 1526289346
C:/Users/student/Desktop/TrapAdventureNEDIRAJ/Trap_Adventure/battle_city_design/implementation/battle_city_clock_generator_0_wrapper.ngc 1526289445
C:/Users/student/Desktop/TrapAdventureNEDIRAJ/Trap_Adventure/battle_city_design/implementation/battle_city_battle_city_periph_0_wrapper.ngc 1526289427
C:/Users/student/Desktop/TrapAdventureNEDIRAJ/Trap_Adventure/battle_city_design/implementation/battle_city_microblaze_0_ilmb_wrapper.ngc 1526289437
C:/Users/student/Desktop/TrapAdventureNEDIRAJ/Trap_Adventure/battle_city_design/implementation/battle_city_microblaze_0_dlmb_wrapper.ngc 1526289440
C:/Users/student/Desktop/TrapAdventureNEDIRAJ/Trap_Adventure/battle_city_design/implementation/battle_city_axi4lite_0_wrapper.ngc 1526289448
C:/Users/student/Desktop/TrapAdventureNEDIRAJ/Trap_Adventure/battle_city_design/implementation/battle_city_microblaze_0_wrapper.ngc 1526289442
C:/Users/student/Desktop/TrapAdventureNEDIRAJ/Trap_Adventure/battle_city_design/implementation/battle_city_microblaze_0_i_bram_ctrl_wrapper.ngc 1526289355
C:/Users/student/Desktop/TrapAdventureNEDIRAJ/Trap_Adventure/battle_city_design/implementation/battle_city_microblaze_0_d_bram_ctrl_wrapper.ngc 1526289364
C:/Users/student/Desktop/TrapAdventureNEDIRAJ/Trap_Adventure/battle_city_design/implementation/battle_city_debug_module_wrapper.ngc 1526289404
C:/Users/student/Desktop/TrapAdventureNEDIRAJ/Trap_Adventure/battle_city_design/implementation/battle_city_microblaze_0_bram_block_wrapper.ngc 1526289369
OK
